// Jest Snapshot v1, https://goo.gl/fbAQLP

exports[`mapDispatchToProps maps function performSearch 1`] = `
Object {
  "performSearch": [Function],
}
`;

exports[`searchQueries.searchName is passed through to the wrapped component 1`] = `
ShallowWrapper {
  "length": 1,
  Symbol(enzyme.__root__): [Circular],
  Symbol(enzyme.__unrendered__): <Component
    searchQueries={
        Object {
            "searchName": "my search",
          }
    }
/>,
  Symbol(enzyme.__renderer__): Object {
    "batchedUpdates": [Function],
    "getNode": [Function],
    "render": [Function],
    "simulateEvent": [Function],
    "unmount": [Function],
  },
  Symbol(enzyme.__node__): Object {
    "instance": null,
    "key": undefined,
    "nodeType": "function",
    "props": Object {
      "0": "m",
      "1": "y",
      "2": " ",
      "3": "s",
      "4": "e",
      "5": "a",
      "6": "r",
      "7": "c",
      "8": "h",
      "fetchResults": [Function],
      "searchQueries": Object {
        "searchName": "my search",
      },
    },
    "ref": null,
    "rendered": null,
    "type": [Function],
  },
  Symbol(enzyme.__nodes__): Array [
    Object {
      "instance": null,
      "key": undefined,
      "nodeType": "function",
      "props": Object {
        "0": "m",
        "1": "y",
        "2": " ",
        "3": "s",
        "4": "e",
        "5": "a",
        "6": "r",
        "7": "c",
        "8": "h",
        "fetchResults": [Function],
        "searchQueries": Object {
          "searchName": "my search",
        },
      },
      "ref": null,
      "rendered": null,
      "type": [Function],
    },
  ],
  Symbol(enzyme.__options__): Object {
    "adapter": ReactSixteenAdapter {
      "options": Object {
        "enableComponentDidUpdateOnSetState": true,
      },
    },
  },
}
`;
