// Jest Snapshot v1, https://goo.gl/fbAQLP

exports[`shows already-fixed control 1`] = `
ShallowWrapper {
  "length": 1,
  Symbol(enzyme.__root__): [Circular],
  Symbol(enzyme.__unrendered__): <TaskAlreadyFixedControl
    complete={[Function]}
    intl={
        Object {
            "formatMessage": [Function],
          }
    }
    task={
        Object {
            "id": 123,
            "parent": Object {
              "id": 321,
            },
            "status": 0,
          }
    }
/>,
  Symbol(enzyme.__renderer__): Object {
    "batchedUpdates": [Function],
    "getNode": [Function],
    "render": [Function],
    "simulateEvent": [Function],
    "unmount": [Function],
  },
  Symbol(enzyme.__node__): Object {
    "instance": null,
    "key": undefined,
    "nodeType": "host",
    "props": Object {
      "children": <FormattedMessage
        defaultMessage="Already fixed"
        id="Task.controls.alreadyFixed.label"
        values={Object {}}
/>,
      "className": "button large-and-wide full-width label-only already-fixed-control",
      "onClick": [Function],
    },
    "ref": null,
    "rendered": Object {
      "instance": null,
      "key": undefined,
      "nodeType": "class",
      "props": Object {
        "defaultMessage": "Already fixed",
        "id": "Task.controls.alreadyFixed.label",
        "values": Object {},
      },
      "ref": null,
      "rendered": null,
      "type": [Function],
    },
    "type": "button",
  },
  Symbol(enzyme.__nodes__): Array [
    Object {
      "instance": null,
      "key": undefined,
      "nodeType": "host",
      "props": Object {
        "children": <FormattedMessage
          defaultMessage="Already fixed"
          id="Task.controls.alreadyFixed.label"
          values={Object {}}
/>,
        "className": "button large-and-wide full-width label-only already-fixed-control",
        "onClick": [Function],
      },
      "ref": null,
      "rendered": Object {
        "instance": null,
        "key": undefined,
        "nodeType": "class",
        "props": Object {
          "defaultMessage": "Already fixed",
          "id": "Task.controls.alreadyFixed.label",
          "values": Object {},
        },
        "ref": null,
        "rendered": null,
        "type": [Function],
      },
      "type": "button",
    },
  ],
  Symbol(enzyme.__options__): Object {
    "adapter": ReactSixteenAdapter {
      "options": Object {
        "enableComponentDidUpdateOnSetState": true,
      },
    },
  },
}
`;
