// Jest Snapshot v1, https://goo.gl/fbAQLP

exports[`shows skip control 1`] = `
ShallowWrapper {
  "length": 1,
  Symbol(enzyme.__root__): [Circular],
  Symbol(enzyme.__unrendered__): <TaskSkipControl
    activateKeyboardShortcut={[Function]}
    complete={[Function]}
    deactivateKeyboardShortcut={[Function]}
    intl={
        Object {
            "formatMessage": [Function],
          }
    }
    isMinimized={false}
    keyboardShortcutGroups={
        Object {
            "openEditor": Object {
              "editId": Object {
                "key": "e",
                "label": Object {
                  "defaultMessage": "Edit in Id",
                  "id": "KeyMapping.openEditor.editId",
                },
              },
              "editJosm": Object {
                "key": "r",
                "label": Object {
                  "defaultMessage": "Edit in JOSM",
                  "id": "KeyMapping.openEditor.editJosm",
                },
              },
              "editJosmLayer": Object {
                "key": "t",
                "label": Object {
                  "defaultMessage": "Edit in new JOSM layer",
                  "id": "KeyMapping.openEditor.editJosmLayer",
                },
              },
            },
            "taskCompletion": Object {
              "falsePositive": Object {
                "key": "q",
                "label": Object {
                  "defaultMessage": "Not an Issue",
                  "id": "KeyMapping.taskCompletion.falsePositive",
                },
              },
              "skip": Object {
                "key": "w",
                "label": Object {
                  "defaultMessage": "Skip",
                  "id": "KeyMapping.taskCompletion.skip",
                },
              },
            },
            "taskEditing": Object {
              "cancel": Object {
                "key": "Escape",
                "keyLabel": Object {
                  "defaultMessage": "ESC",
                  "id": "KeyMapping.taskEditing.escapeLabel",
                },
                "label": Object {
                  "defaultMessage": "Cancel Editing",
                  "id": "KeyMapping.taskEditing.cancel",
                },
              },
            },
            "taskReview": Object {
              "nextTask": Object {
                "key": "l",
                "label": Object {
                  "defaultMessage": "Next Task",
                  "id": "KeyMapping.taskReview.nextTask",
                },
              },
              "prevTask": Object {
                "key": "h",
                "label": Object {
                  "defaultMessage": "Previous Task",
                  "id": "KeyMapping.taskReview.prevTask",
                },
              },
            },
          }
    }
    task={
        Object {
            "id": 123,
            "parent": Object {
              "id": 321,
            },
            "status": 0,
          }
    }
    textInputActive={[Function]}
/>,
  Symbol(enzyme.__renderer__): Object {
    "batchedUpdates": [Function],
    "getNode": [Function],
    "render": [Function],
    "simulateEvent": [Function],
    "unmount": [Function],
  },
  Symbol(enzyme.__node__): Object {
    "instance": null,
    "key": undefined,
    "nodeType": "host",
    "props": Object {
      "children": Array [
        <span
          className="control-icon"
          title="Skip Task"
>
          <SvgSymbol
                    sym="skip-icon"
                    viewBox="0 0 20 20"
          />
</span>,
        <span
          className="control-label"
>
          <FormattedMessage
                    defaultMessage="Skip"
                    id="Task.controls.skip.label"
                    values={Object {}}
          />
</span>,
      ],
      "className": "button skip-control large-and-wide",
      "onClick": [Function],
    },
    "ref": null,
    "rendered": Array [
      Object {
        "instance": null,
        "key": undefined,
        "nodeType": "host",
        "props": Object {
          "children": <SvgSymbol
            sym="skip-icon"
            viewBox="0 0 20 20"
/>,
          "className": "control-icon",
          "title": "Skip Task",
        },
        "ref": null,
        "rendered": Object {
          "instance": null,
          "key": undefined,
          "nodeType": "class",
          "props": Object {
            "sym": "skip-icon",
            "viewBox": "0 0 20 20",
          },
          "ref": null,
          "rendered": null,
          "type": [Function],
        },
        "type": "span",
      },
      Object {
        "instance": null,
        "key": undefined,
        "nodeType": "host",
        "props": Object {
          "children": <FormattedMessage
            defaultMessage="Skip"
            id="Task.controls.skip.label"
            values={Object {}}
/>,
          "className": "control-label",
        },
        "ref": null,
        "rendered": Object {
          "instance": null,
          "key": undefined,
          "nodeType": "class",
          "props": Object {
            "defaultMessage": "Skip",
            "id": "Task.controls.skip.label",
            "values": Object {},
          },
          "ref": null,
          "rendered": null,
          "type": [Function],
        },
        "type": "span",
      },
    ],
    "type": "button",
  },
  Symbol(enzyme.__nodes__): Array [
    Object {
      "instance": null,
      "key": undefined,
      "nodeType": "host",
      "props": Object {
        "children": Array [
          <span
            className="control-icon"
            title="Skip Task"
>
            <SvgSymbol
                        sym="skip-icon"
                        viewBox="0 0 20 20"
            />
</span>,
          <span
            className="control-label"
>
            <FormattedMessage
                        defaultMessage="Skip"
                        id="Task.controls.skip.label"
                        values={Object {}}
            />
</span>,
        ],
        "className": "button skip-control large-and-wide",
        "onClick": [Function],
      },
      "ref": null,
      "rendered": Array [
        Object {
          "instance": null,
          "key": undefined,
          "nodeType": "host",
          "props": Object {
            "children": <SvgSymbol
              sym="skip-icon"
              viewBox="0 0 20 20"
/>,
            "className": "control-icon",
            "title": "Skip Task",
          },
          "ref": null,
          "rendered": Object {
            "instance": null,
            "key": undefined,
            "nodeType": "class",
            "props": Object {
              "sym": "skip-icon",
              "viewBox": "0 0 20 20",
            },
            "ref": null,
            "rendered": null,
            "type": [Function],
          },
          "type": "span",
        },
        Object {
          "instance": null,
          "key": undefined,
          "nodeType": "host",
          "props": Object {
            "children": <FormattedMessage
              defaultMessage="Skip"
              id="Task.controls.skip.label"
              values={Object {}}
/>,
            "className": "control-label",
          },
          "ref": null,
          "rendered": Object {
            "instance": null,
            "key": undefined,
            "nodeType": "class",
            "props": Object {
              "defaultMessage": "Skip",
              "id": "Task.controls.skip.label",
              "values": Object {},
            },
            "ref": null,
            "rendered": null,
            "type": [Function],
          },
          "type": "span",
        },
      ],
      "type": "button",
    },
  ],
  Symbol(enzyme.__options__): Object {
    "adapter": ReactSixteenAdapter {
      "options": Object {
        "enableComponentDidUpdateOnSetState": true,
      },
    },
  },
}
`;
