// Jest Snapshot v1, https://goo.gl/fbAQLP

exports[`mapStateToProps maps currentErrors to errors 1`] = `
Object {
  "errors": "some error",
}
`;
