// Jest Snapshot v1, https://goo.gl/fbAQLP

exports[`renders an inset map at the given centerpoint and zoom 1`] = `
ShallowWrapper {
  "length": 1,
  Symbol(enzyme.__root__): [Circular],
  Symbol(enzyme.__unrendered__): <InsetMap
    centerPoint={
        Object {
            "lat": 0,
            "lng": 0,
          }
    }
    fixedZoom={15}
/>,
  Symbol(enzyme.__renderer__): Object {
    "batchedUpdates": [Function],
    "getNode": [Function],
    "render": [Function],
    "simulateEvent": [Function],
    "unmount": [Function],
  },
  Symbol(enzyme.__node__): Object {
    "instance": null,
    "key": undefined,
    "nodeType": "host",
    "props": Object {
      "children": <Map
        attributionControl={false}
        center={
                Object {
                        "lat": 0,
                        "lng": 0,
                      }
        }
        maxZoom={15}
        minZoom={15}
        zoom={15}
        zoomControl={false}
>
        <InjectIntl(SourcedTileLayer)
                skipAttribution={true}
                source={
                        Object {
                                "attribution": Object {
                                  "defaultMessage": "&copy; <a href='https://openstreetmap.org'>OpenStreetMap</a> contributors, <a href='https://creativecommons.org/licenses/by-sa/2.0/'>CC-BY-SA</a>",
                                  "id": "map.attribution.openStreetMap",
                                },
                                "layerId": "OpenStreetMap",
                                "name": Object {
                                  "defaultMessage": "OpenStreetMap",
                                  "id": "map.name.openStreetMap",
                                },
                                "url": "http://{s}.tile.openstreetmap.org/{z}/{x}/{y}.png",
                              }
                }
        />
        <Marker
                position={
                        Object {
                                "lat": 0,
                                "lng": 0,
                              }
                }
        />
</Map>,
      "className": "inset-map",
    },
    "ref": null,
    "rendered": Object {
      "instance": null,
      "key": undefined,
      "nodeType": "class",
      "props": Object {
        "attributionControl": false,
        "center": Object {
          "lat": 0,
          "lng": 0,
        },
        "children": Array [
          <InjectIntl(SourcedTileLayer)
            skipAttribution={true}
            source={
                        Object {
                                    "attribution": Object {
                                      "defaultMessage": "&copy; <a href='https://openstreetmap.org'>OpenStreetMap</a> contributors, <a href='https://creativecommons.org/licenses/by-sa/2.0/'>CC-BY-SA</a>",
                                      "id": "map.attribution.openStreetMap",
                                    },
                                    "layerId": "OpenStreetMap",
                                    "name": Object {
                                      "defaultMessage": "OpenStreetMap",
                                      "id": "map.name.openStreetMap",
                                    },
                                    "url": "http://{s}.tile.openstreetmap.org/{z}/{x}/{y}.png",
                                  }
            }
/>,
          <Marker
            position={
                        Object {
                                    "lat": 0,
                                    "lng": 0,
                                  }
            }
/>,
        ],
        "maxZoom": 15,
        "minZoom": 15,
        "zoom": 15,
        "zoomControl": false,
      },
      "ref": null,
      "rendered": Array [
        Object {
          "instance": null,
          "key": undefined,
          "nodeType": "class",
          "props": Object {
            "skipAttribution": true,
            "source": Object {
              "attribution": Object {
                "defaultMessage": "&copy; <a href='https://openstreetmap.org'>OpenStreetMap</a> contributors, <a href='https://creativecommons.org/licenses/by-sa/2.0/'>CC-BY-SA</a>",
                "id": "map.attribution.openStreetMap",
              },
              "layerId": "OpenStreetMap",
              "name": Object {
                "defaultMessage": "OpenStreetMap",
                "id": "map.name.openStreetMap",
              },
              "url": "http://{s}.tile.openstreetmap.org/{z}/{x}/{y}.png",
            },
          },
          "ref": null,
          "rendered": null,
          "type": [Function],
        },
        Object {
          "instance": null,
          "key": undefined,
          "nodeType": "class",
          "props": Object {
            "position": Object {
              "lat": 0,
              "lng": 0,
            },
          },
          "ref": null,
          "rendered": null,
          "type": [Function],
        },
      ],
      "type": [Function],
    },
    "type": "div",
  },
  Symbol(enzyme.__nodes__): Array [
    Object {
      "instance": null,
      "key": undefined,
      "nodeType": "host",
      "props": Object {
        "children": <Map
          attributionControl={false}
          center={
                    Object {
                              "lat": 0,
                              "lng": 0,
                            }
          }
          maxZoom={15}
          minZoom={15}
          zoom={15}
          zoomControl={false}
>
          <InjectIntl(SourcedTileLayer)
                    skipAttribution={true}
                    source={
                              Object {
                                        "attribution": Object {
                                          "defaultMessage": "&copy; <a href='https://openstreetmap.org'>OpenStreetMap</a> contributors, <a href='https://creativecommons.org/licenses/by-sa/2.0/'>CC-BY-SA</a>",
                                          "id": "map.attribution.openStreetMap",
                                        },
                                        "layerId": "OpenStreetMap",
                                        "name": Object {
                                          "defaultMessage": "OpenStreetMap",
                                          "id": "map.name.openStreetMap",
                                        },
                                        "url": "http://{s}.tile.openstreetmap.org/{z}/{x}/{y}.png",
                                      }
                    }
          />
          <Marker
                    position={
                              Object {
                                        "lat": 0,
                                        "lng": 0,
                                      }
                    }
          />
</Map>,
        "className": "inset-map",
      },
      "ref": null,
      "rendered": Object {
        "instance": null,
        "key": undefined,
        "nodeType": "class",
        "props": Object {
          "attributionControl": false,
          "center": Object {
            "lat": 0,
            "lng": 0,
          },
          "children": Array [
            <InjectIntl(SourcedTileLayer)
              skipAttribution={true}
              source={
                            Object {
                                          "attribution": Object {
                                            "defaultMessage": "&copy; <a href='https://openstreetmap.org'>OpenStreetMap</a> contributors, <a href='https://creativecommons.org/licenses/by-sa/2.0/'>CC-BY-SA</a>",
                                            "id": "map.attribution.openStreetMap",
                                          },
                                          "layerId": "OpenStreetMap",
                                          "name": Object {
                                            "defaultMessage": "OpenStreetMap",
                                            "id": "map.name.openStreetMap",
                                          },
                                          "url": "http://{s}.tile.openstreetmap.org/{z}/{x}/{y}.png",
                                        }
              }
/>,
            <Marker
              position={
                            Object {
                                          "lat": 0,
                                          "lng": 0,
                                        }
              }
/>,
          ],
          "maxZoom": 15,
          "minZoom": 15,
          "zoom": 15,
          "zoomControl": false,
        },
        "ref": null,
        "rendered": Array [
          Object {
            "instance": null,
            "key": undefined,
            "nodeType": "class",
            "props": Object {
              "skipAttribution": true,
              "source": Object {
                "attribution": Object {
                  "defaultMessage": "&copy; <a href='https://openstreetmap.org'>OpenStreetMap</a> contributors, <a href='https://creativecommons.org/licenses/by-sa/2.0/'>CC-BY-SA</a>",
                  "id": "map.attribution.openStreetMap",
                },
                "layerId": "OpenStreetMap",
                "name": Object {
                  "defaultMessage": "OpenStreetMap",
                  "id": "map.name.openStreetMap",
                },
                "url": "http://{s}.tile.openstreetmap.org/{z}/{x}/{y}.png",
              },
            },
            "ref": null,
            "rendered": null,
            "type": [Function],
          },
          Object {
            "instance": null,
            "key": undefined,
            "nodeType": "class",
            "props": Object {
              "position": Object {
                "lat": 0,
                "lng": 0,
              },
            },
            "ref": null,
            "rendered": null,
            "type": [Function],
          },
        ],
        "type": [Function],
      },
      "type": "div",
    },
  ],
  Symbol(enzyme.__options__): Object {
    "adapter": ReactSixteenAdapter {
      "options": Object {
        "enableComponentDidUpdateOnSetState": true,
      },
    },
  },
}
`;
